exports[`script-builder should fragment script string from a content structure 1`] = `
"import React, { Component } from \'react\'
import ReactDOM from \'react-dom\'
import mosaicComponentExampleDistStylesCss from \'mosaic-component-example/dist/styles.css\'
import mosaicComponentExample from \'mosaic-component-example\'
const BUNDLED_PROPS = {\"1\":null,\"2\":{\"level\":3}}
export class Fragment extends Component {
render() {
const props = Object.assign({}, BUNDLED_PROPS, this.props)
return (<div id=\"3\" data-props={JSON.stringify(this.props)}>
{React.createElement(
\'div\',
props[\"1\"] , 
React.createElement(
mosaicComponentExample,
props[\"2\"] , 
\`Hello, World!\`
)
)}
</div>)
}
}
export default function render(element) {
const fragmentRoot = document.getElementById(\'3\')
const props = JSON.parse(fragmentRoot.getAttribute(\'data-props\'))
ReactDOM.render(<Fragment {...props}/>, element)
}"
`;
