exports[`script-builder should fragment script string from a content structure 1`] = `
"import React, { Component } from \'react\'
import ReactDOM from \'react-dom\'
import zShopUi from \'z-shop-ui\'
import Z_SHOP_UI_DIST_Z_SHOP_UI_CSS from \'z-shop-ui/dist/z-shop-ui.css\'
const BUNDLED_PROPS = {\"1\":{\"level\":1},\"2\":null}
export class Fragment extends Component {
render() {
const props = Object.assign({}, BUNDLED_PROPS, this.props)
return (<div id=\"3\" data-props={JSON.stringify(this.props)}>
{React.createElement(
zShopUi.Headline,
props[\"1\"] , 
React.createElement(
\'div\',
props[\"2\"] , 
\"Hello, World!\"
)
)}
</div>)
}
}
export default function render(element) {
const fragmentRoot = document.getElementById(\'3\')
const props = JSON.parse(fragmentRoot.getAttribute(\'data-props\'))
ReactDOM.render(<Fragment {...props}/>, element)
}"
`;
